
Warning-[DBG_FLAG_DEP] Debug Option is being Deprecated
  The '-fsdb' debug-related option is being deprecated and will no longer be 
  supported in a future release.
  Please recompile using the '-debug_access<+options>' switch and incremental 
  options as required.  Recommended options are '-debug_access' for 
  post-process debug, '-debug_access+classdbg' for testbench debug, and 
  '-debug_access+all' for all debug capabilities.  Refer the VCS user guide 
  for more granular options for debug control under the switch '-debug_access'
  and refer to '-debug_region' for region control.

Command: vcs -full64 -sverilog -debug_access+all -fsdb -f flist -l compile.log
                         Chronologic VCS (TM)
       Version M-2017.03-SP2_Full64 -- Sat Sep  5 08:18:28 2026
               Copyright (c) 1991-2017 by Synopsys Inc.
                         ALL RIGHTS RESERVED

This program is proprietary and confidential information of Synopsys Inc.
and may be used and disclosed only as authorized in a license agreement
controlling such use and disclosure.

Parsing design file './../01_tb/tb_alu.sv'
Parsing design file './../00_src/add.sv'
Parsing design file './../00_src/addr_decoder.sv'
Parsing design file './../00_src/add_subtract.sv'
Parsing design file './../00_src/alu.sv'
Parsing design file './../00_src/barrel_shifter.sv'
Parsing design file './../00_src/brc.sv'
Parsing design file './../00_src/control_unit.sv'
Parsing design file './../00_src/data_memory.sv'
Parsing design file './../00_src/decoder3_8.sv'
Parsing design file './../00_src/decoder_5_32.sv'
Parsing design file './../00_src/encoder_32_5.sv'
Parsing design file './../00_src/encoder_8_3.sv'
Parsing design file './../00_src/full_adder.sv'
Parsing design file './../00_src/imem.sv'
Parsing design file './../00_src/immgen.sv'
Parsing design file './../00_src/load_store_unit.sv'
Parsing design file './../00_src/mux_2_1.sv'
Parsing design file './../00_src/mux_32_1.sv'
Parsing design file './../00_src/mux_4_1.sv'
Parsing design file './../00_src/prep_1_memory.sv'
Parsing design file './../00_src/prep_2_memory.sv'
Parsing design file './../00_src/register_file.sv'
Parsing design file './../00_src/single_cycle.sv'
Top Level Modules:
       tb_alu
       decoder3_8
       encoder_32_5
       encoder_8_3
       mux_2_1
       single_cycle
TimeScale is 1 ns / 1 ps
Starting vcs inline pass...
10 unique modules to generate
recompiling module tb_alu
recompiling module add_subtract
recompiling module alu
recompiling module single_cycle
4 of 10 modules done
	However, due to incremental compilation, only 4 modules need to be compiled. 
make[1]: Entering directory `/mnt/hgfs/IC_projects/03_sim/csrc'
rm -f _csrc*.so pre_vcsobj_*.so share_vcsobj_*.so
ln: creating symbolic link `_4533_archive_1.so': Operation not supported
make[2]: *** [_4533_archive_1.so] Error 1
make[1]: *** [product_clean_order] Error 2
make[1]: Leaving directory `/mnt/hgfs/IC_projects/03_sim/csrc'
Make exited with status 2
CPU time: 2.682 seconds to compile + 1.882 seconds to elab + .473 seconds to link
